// Jest Snapshot v1, https://goo.gl/fbAQLP

exports[`src/components/topBar should match snapshot for focalboardPlugin 1`] = `
<div>
  <div
    class="TopBar"
  >
    <a
      class="link"
      href="mailto:hello@bacon-ai.cloud?subject=BACON-AI%20Feedback"
      rel="noreferrer"
      target="_blank"
    >
      Give feedback
    </a>
    <a
      href="https://bacon-ai.cloud/docs/boards?utm_source=webapp"
      rel="noreferrer"
      target="_blank"
    >
      <i
        class="CompassIcon icon-help-circle-outline HelpIcon"
      />
    </a>
  </div>
</div>
`;

exports[`src/components/topBar should match snapshot for none focalboardPlugin 1`] = `
<div>
  <div
    class="TopBar"
  >
    <a
      class="link"
      href="mailto:hello@bacon-ai.cloud?subject=BACON-AI%20Feedback"
      rel="noreferrer"
      target="_blank"
    >
      Give feedback
    </a>
    <a
      href="https://bacon-ai.cloud/docs/boards?utm_source=webapp"
      rel="noreferrer"
      target="_blank"
    >
      <i
        class="CompassIcon icon-help-circle-outline HelpIcon"
      />
    </a>
  </div>
</div>
`;
